Archive member included to satisfy reference by file (symbol)

C:/ST/STM32CubeCLT_1.17.0/GNU-tools-for-STM32/bin/../lib/gcc/arm-none-eabi/12.3.1/../../../../arm-none-eabi/lib/thumb/v7e-m+fp/hard\libc_nano.a(libc_a-exit.o)
                              C:/ST/STM32CubeCLT_1.17.0/GNU-tools-for-STM32/bin/../lib/gcc/arm-none-eabi/12.3.1/../../../../arm-none-eabi/lib/thumb/v7e-m+fp/hard/crt0.o (exit)
C:/ST/STM32CubeCLT_1.17.0/GNU-tools-for-STM32/bin/../lib/gcc/arm-none-eabi/12.3.1/../../../../arm-none-eabi/lib/thumb/v7e-m+fp/hard\libc_nano.a(libc_a-findfp.o)
                              C:/ST/STM32CubeCLT_1.17.0/GNU-tools-for-STM32/bin/../lib/gcc/arm-none-eabi/12.3.1/../../../../arm-none-eabi/lib/thumb/v7e-m+fp/hard\libc_nano.a(libc_a-exit.o) (__stdio_exit_handler)
C:/ST/STM32CubeCLT_1.17.0/GNU-tools-for-STM32/bin/../lib/gcc/arm-none-eabi/12.3.1/../../../../arm-none-eabi/lib/thumb/v7e-m+fp/hard\libc_nano.a(libc_a-fwalk.o)
                              C:/ST/STM32CubeCLT_1.17.0/GNU-tools-for-STM32/bin/../lib/gcc/arm-none-eabi/12.3.1/../../../../arm-none-eabi/lib/thumb/v7e-m+fp/hard\libc_nano.a(libc_a-findfp.o) (_fwalk_sglue)
C:/ST/STM32CubeCLT_1.17.0/GNU-tools-for-STM32/bin/../lib/gcc/arm-none-eabi/12.3.1/../../../../arm-none-eabi/lib/thumb/v7e-m+fp/hard\libc_nano.a(libc_a-stdio.o)
                              C:/ST/STM32CubeCLT_1.17.0/GNU-tools-for-STM32/bin/../lib/gcc/arm-none-eabi/12.3.1/../../../../arm-none-eabi/lib/thumb/v7e-m+fp/hard\libc_nano.a(libc_a-findfp.o) (__sread)
C:/ST/STM32CubeCLT_1.17.0/GNU-tools-for-STM32/bin/../lib/gcc/arm-none-eabi/12.3.1/../../../../arm-none-eabi/lib/thumb/v7e-m+fp/hard\libc_nano.a(libc_a-memset.o)
                              C:/ST/STM32CubeCLT_1.17.0/GNU-tools-for-STM32/bin/../lib/gcc/arm-none-eabi/12.3.1/../../../../arm-none-eabi/lib/thumb/v7e-m+fp/hard/crt0.o (memset)
C:/ST/STM32CubeCLT_1.17.0/GNU-tools-for-STM32/bin/../lib/gcc/arm-none-eabi/12.3.1/../../../../arm-none-eabi/lib/thumb/v7e-m+fp/hard\libc_nano.a(libc_a-closer.o)
                              C:/ST/STM32CubeCLT_1.17.0/GNU-tools-for-STM32/bin/../lib/gcc/arm-none-eabi/12.3.1/../../../../arm-none-eabi/lib/thumb/v7e-m+fp/hard\libc_nano.a(libc_a-stdio.o) (_close_r)
C:/ST/STM32CubeCLT_1.17.0/GNU-tools-for-STM32/bin/../lib/gcc/arm-none-eabi/12.3.1/../../../../arm-none-eabi/lib/thumb/v7e-m+fp/hard\libc_nano.a(libc_a-reent.o)
                              C:/ST/STM32CubeCLT_1.17.0/GNU-tools-for-STM32/bin/../lib/gcc/arm-none-eabi/12.3.1/../../../../arm-none-eabi/lib/thumb/v7e-m+fp/hard\libc_nano.a(libc_a-closer.o) (errno)
C:/ST/STM32CubeCLT_1.17.0/GNU-tools-for-STM32/bin/../lib/gcc/arm-none-eabi/12.3.1/../../../../arm-none-eabi/lib/thumb/v7e-m+fp/hard\libc_nano.a(libc_a-impure.o)
                              C:/ST/STM32CubeCLT_1.17.0/GNU-tools-for-STM32/bin/../lib/gcc/arm-none-eabi/12.3.1/../../../../arm-none-eabi/lib/thumb/v7e-m+fp/hard\libc_nano.a(libc_a-reent.o) (_impure_ptr)
C:/ST/STM32CubeCLT_1.17.0/GNU-tools-for-STM32/bin/../lib/gcc/arm-none-eabi/12.3.1/../../../../arm-none-eabi/lib/thumb/v7e-m+fp/hard\libc_nano.a(libc_a-lseekr.o)
                              C:/ST/STM32CubeCLT_1.17.0/GNU-tools-for-STM32/bin/../lib/gcc/arm-none-eabi/12.3.1/../../../../arm-none-eabi/lib/thumb/v7e-m+fp/hard\libc_nano.a(libc_a-stdio.o) (_lseek_r)
C:/ST/STM32CubeCLT_1.17.0/GNU-tools-for-STM32/bin/../lib/gcc/arm-none-eabi/12.3.1/../../../../arm-none-eabi/lib/thumb/v7e-m+fp/hard\libc_nano.a(libc_a-readr.o)
                              C:/ST/STM32CubeCLT_1.17.0/GNU-tools-for-STM32/bin/../lib/gcc/arm-none-eabi/12.3.1/../../../../arm-none-eabi/lib/thumb/v7e-m+fp/hard\libc_nano.a(libc_a-stdio.o) (_read_r)
C:/ST/STM32CubeCLT_1.17.0/GNU-tools-for-STM32/bin/../lib/gcc/arm-none-eabi/12.3.1/../../../../arm-none-eabi/lib/thumb/v7e-m+fp/hard\libc_nano.a(libc_a-writer.o)
                              C:/ST/STM32CubeCLT_1.17.0/GNU-tools-for-STM32/bin/../lib/gcc/arm-none-eabi/12.3.1/../../../../arm-none-eabi/lib/thumb/v7e-m+fp/hard\libc_nano.a(libc_a-stdio.o) (_write_r)
C:/ST/STM32CubeCLT_1.17.0/GNU-tools-for-STM32/bin/../lib/gcc/arm-none-eabi/12.3.1/../../../../arm-none-eabi/lib/thumb/v7e-m+fp/hard\libc_nano.a(libc_a-init.o)
                              C:/ST/STM32CubeCLT_1.17.0/GNU-tools-for-STM32/bin/../lib/gcc/arm-none-eabi/12.3.1/../../../../arm-none-eabi/lib/thumb/v7e-m+fp/hard/crt0.o (__libc_init_array)
C:/ST/STM32CubeCLT_1.17.0/GNU-tools-for-STM32/bin/../lib/gcc/arm-none-eabi/12.3.1/../../../../arm-none-eabi/lib/thumb/v7e-m+fp/hard\libc_nano.a(libc_a-lock.o)
                              C:/ST/STM32CubeCLT_1.17.0/GNU-tools-for-STM32/bin/../lib/gcc/arm-none-eabi/12.3.1/../../../../arm-none-eabi/lib/thumb/v7e-m+fp/hard\libc_nano.a(libc_a-findfp.o) (__retarget_lock_init_recursive)
C:/ST/STM32CubeCLT_1.17.0/GNU-tools-for-STM32/bin/../lib/gcc/arm-none-eabi/12.3.1/../../../../arm-none-eabi/lib/thumb/v7e-m+fp/hard\libc_nano.a(libc_a-freer.o)
[...]
Memory Configuration

Name             Origin             Length             Attributes
RAM              0x20000000         0x00030000         xrw
CCMRAM           0x10000000         0x00010000         xrw
FLASH            0x08000000         0x00200000         xr
*default*        0x00000000         0xffffffff

Linker script and memory map

LOAD C:/ST/STM32CubeCLT_1.17.0/GNU-tools-for-STM32/bin/../lib/gcc/arm-none-eabi/12.3.1/thumb/v7e-m+fp/hard/crti.o
LOAD C:/ST/STM32CubeCLT_1.17.0/GNU-tools-for-STM32/bin/../lib/gcc/arm-none-eabi/12.3.1/thumb/v7e-m+fp/hard/crtbegin.o
LOAD C:/ST/STM32CubeCLT_1.17.0/GNU-tools-for-STM32/bin/../lib/gcc/arm-none-eabi/12.3.1/../../../../arm-none-eabi/lib/thumb/v7e-m+fp/hard/crt0.o
START GROUP
LOAD C:/ST/STM32CubeCLT_1.17.0/GNU-tools-for-STM32/bin/../lib/gcc/arm-none-eabi/12.3.1/../../../../arm-none-eabi/lib/thumb/v7e-m+fp/hard\libc_nano.a
LOAD C:/ST/STM32CubeCLT_1.17.0/GNU-tools-for-STM32/bin/../lib/gcc/arm-none-eabi/12.3.1/../../../../arm-none-eabi/lib/thumb/v7e-m+fp/hard\libm.a
END GROUP
LOAD CMakeFiles/Blink_Led.dir/Core/Src/main.c.obj
LOAD CMakeFiles/Blink_Led.dir/Core/Src/stm32f4xx_it.c.obj
LOAD CMakeFiles/Blink_Led.dir/Core/Src/stm32f4xx_hal_msp.c.obj
LOAD CMakeFiles/Blink_Led.dir/Drivers/STM32F4xx_HAL_Driver/Src/stm32f4xx_hal_rcc.c.obj
LOAD CMakeFiles/Blink_Led.dir/Drivers/STM32F4xx_HAL_Driver/Src/stm32f4xx_hal_rcc_ex.c.obj
LOAD CMakeFiles/Blink_Led.dir/Drivers/STM32F4xx_HAL_Driver/Src/stm32f4xx_hal_flash.c.obj
LOAD CMakeFiles/Blink_Led.dir/Drivers/STM32F4xx_HAL_Driver/Src/stm32f4xx_hal_flash_ex.c.obj
LOAD CMakeFiles/Blink_Led.dir/Drivers/STM32F4xx_HAL_Driver/Src/stm32f4xx_hal_flash_ramfunc.c.obj
LOAD CMakeFiles/Blink_Led.dir/Drivers/STM32F4xx_HAL_Driver/Src/stm32f4xx_hal_gpio.c.obj
LOAD CMakeFiles/Blink_Led.dir/Drivers/STM32F4xx_HAL_Driver/Src/stm32f4xx_hal_dma_ex.c.obj
LOAD CMakeFiles/Blink_Led.dir/Drivers/STM32F4xx_HAL_Driver/Src/stm32f4xx_hal_dma.c.obj
LOAD CMakeFiles/Blink_Led.dir/Drivers/STM32F4xx_HAL_Driver/Src/stm32f4xx_hal_pwr.c.obj
LOAD CMakeFiles/Blink_Led.dir/Drivers/STM32F4xx_HAL_Driver/Src/stm32f4xx_hal_pwr_ex.c.obj
LOAD CMakeFiles/Blink_Led.dir/Drivers/STM32F4xx_HAL_Driver/Src/stm32f4xx_hal_cortex.c.obj
LOAD CMakeFiles/Blink_Led.dir/Drivers/STM32F4xx_HAL_Driver/Src/stm32f4xx_hal.c.obj
LOAD CMakeFiles/Blink_Led.dir/Drivers/STM32F4xx_HAL_Driver/Src/stm32f4xx_hal_exti.c.obj
LOAD CMakeFiles/Blink_Led.dir/Drivers/STM32F4xx_HAL_Driver/Src/stm32f4xx_hal_eth.c.obj
LOAD CMakeFiles/Blink_Led.dir/Drivers/STM32F4xx_HAL_Driver/Src/stm32f4xx_hal_uart.c.obj
LOAD CMakeFiles/Blink_Led.dir/Drivers/STM32F4xx_HAL_Driver/Src/stm32f4xx_hal_pcd.c.obj
LOAD CMakeFiles/Blink_Led.dir/Drivers/STM32F4xx_HAL_Driver/Src/stm32f4xx_hal_pcd_ex.c.obj
LOAD CMakeFiles/Blink_Led.dir/Drivers/STM32F4xx_HAL_Driver/Src/stm32f4xx_ll_usb.c.obj
LOAD CMakeFiles/Blink_Led.dir/Core/Src/system_stm32f4xx.c.obj
LOAD CMakeFiles/Blink_Led.dir/Core/Src/sysmem.c.obj
LOAD CMakeFiles/Blink_Led.dir/Core/Src/syscalls.c.obj
LOAD CMakeFiles/Blink_Led.dir/startup_stm32f439xx.s.obj
START GROUP
LOAD C:/ST/STM32CubeCLT_1.17.0/GNU-tools-for-STM32/bin/../lib/gcc/arm-none-eabi/12.3.1/thumb/v7e-m+fp/hard\libgcc.a
LOAD C:/ST/STM32CubeCLT_1.17.0/GNU-tools-for-STM32/bin/../lib/gcc/arm-none-eabi/12.3.1/../../../../arm-none-eabi/lib/thumb/v7e-m+fp/hard\libg_nano.a
LOAD C:/ST/STM32CubeCLT_1.17.0/GNU-tools-for-STM32/bin/../lib/gcc/arm-none-eabi/12.3.1/../../../../arm-none-eabi/lib/thumb/v7e-m+fp/hard\libc_nano.a
END GROUP
START GROUP
LOAD C:/ST/STM32CubeCLT_1.17.0/GNU-tools-for-STM32/bin/../lib/gcc/arm-none-eabi/12.3.1/thumb/v7e-m+fp/hard\libgcc.a
LOAD C:/ST/STM32CubeCLT_1.17.0/GNU-tools-for-STM32/bin/../lib/gcc/arm-none-eabi/12.3.1/../../../../arm-none-eabi/lib/thumb/v7e-m+fp/hard\libc_nano.a
END GROUP
LOAD C:/ST/STM32CubeCLT_1.17.0/GNU-tools-for-STM32/bin/../lib/gcc/arm-none-eabi/12.3.1/thumb/v7e-m+fp/hard/crtend.o
LOAD C:/ST/STM32CubeCLT_1.17.0/GNU-tools-for-STM32/bin/../lib/gcc/arm-none-eabi/12.3.1/thumb/v7e-m+fp/hard/crtn.o
                0x20030000                        _estack = (ORIGIN (RAM) + LENGTH (RAM))
                0x00000200                        _Min_Heap_Size = 0x200
                0x00000400                        _Min_Stack_Size = 0x400

.isr_vector     0x08000000      0x1ac
                0x08000000                        . = ALIGN (0x4)
 *(.isr_vector)
 .isr_vector    0x08000000      0x1ac CMakeFiles/Blink_Led.dir/startup_stm32f439xx.s.obj
                0x08000000                g_pfnVectors
                0x080001ac                        . = ALIGN (0x4)

.text           0x080001ac     0x2f60
                0x080001ac                        . = ALIGN (0x4)
 *(.text)
 .text          0x080001ac       0x40 C:/ST/STM32CubeCLT_1.17.0/GNU-tools-for-STM32/bin/../lib/gcc/arm-none-eabi/12.3.1/thumb/v7e-m+fp/hard/crtbegin.o
 .text          0x080001ec       0x30 C:/ST/STM32CubeCLT_1.17.0/GNU-tools-for-STM32/bin/../lib/gcc/arm-none-eabi/12.3.1/thumb/v7e-m+fp/hard\libgcc.a(_aeabi_uldivmod.o)
                0x080001ec                __aeabi_uldivmod
 .text          0x0800021c      0x2bc C:/ST/STM32CubeCLT_1.17.0/GNU-tools-for-STM32/bin/../lib/gcc/arm-none-eabi/12.3.1/thumb/v7e-m+fp/hard\libgcc.a(_udivmoddi4.o)
                0x0800021c                __udivmoddi4
 .text          0x080004d8        0x4 C:/ST/STM32CubeCLT_1.17.0/GNU-tools-for-STM32/bin/../lib/gcc/arm-none-eabi/12.3.1/thumb/v7e-m+fp/hard\libgcc.a(_dvmd_tls.o)
                0x080004d8                __aeabi_idiv0
                0x080004d8                __aeabi_ldiv0
 *(.text*)
 .text.memset   0x080004dc       0x10 C:/ST/STM32CubeCLT_1.17.0/GNU-tools-for-STM32/bin/../lib/gcc/arm-none-eabi/12.3.1/../../../../arm-none-eabi/lib/thumb/v7e-m+fp/hard\libc_nano.a(libc_a-memset.o)
                0x080004dc                memset
 .text.__libc_init_array
                0x080004ec       0x48 C:/ST/STM32CubeCLT_1.17.0/GNU-tools-for-STM32/bin/../lib/gcc/arm-none-eabi/12.3.1/../../../../arm-none-eabi/lib/thumb/v7e-m+fp/hard\libc_nano.a(libc_a-init.o)
                0x080004ec                __libc_init_array
 .text.main     0x08000534       0x48 CMakeFiles/Blink_Led.dir/Core/Src/main.c.obj
                0x08000534                main
 .text.SystemClock_Config
                0x0800057c       0xd4 CMakeFiles/Blink_Led.dir/Core/Src/main.c.obj
                0x0800057c                SystemClock_Config
 .text.MX_ETH_Init
                0x08000650       0x9c CMakeFiles/Blink_Led.dir/Core/Src/main.c.obj
 .text.MX_USART3_UART_Init
                0x080006ec       0x54 CMakeFiles/Blink_Led.dir/Core/Src/main.c.obj
 .text.MX_USB_OTG_FS_PCD_Init
                0x08000740       0x5c CMakeFiles/Blink_Led.dir/Core/Src/main.c.obj
 .text.MX_GPIO_Init
                0x0800079c      0x15c CMakeFiles/Blink_Led.dir/Core/Src/main.c.obj
 .text.Error_Handler
                0x080008f8        0xc CMakeFiles/Blink_Led.dir/Core/Src/main.c.obj
                0x080008f8                Error_Handler
 .text.NMI_Handler
                0x08000904        0x8 CMakeFiles/Blink_Led.dir/Core/Src/stm32f4xx_it.c.obj
                0x08000904                NMI_Handler
 .text.HardFault_Handler
                0x0800090c        0x8 CMakeFiles/Blink_Led.dir/Core/Src/stm32f4xx_it.c.obj
                0x0800090c                HardFault_Handler
 .text.MemManage_Handler
                0x08000914        0x8 CMakeFiles/Blink_Led.dir/Core/Src/stm32f4xx_it.c.obj
                0x08000914                MemManage_Handler
 .text.BusFault_Handler
                0x0800091c        0x8 CMakeFiles/Blink_Led.dir/Core/Src/stm32f4xx_it.c.obj
                0x0800091c                BusFault_Handler
 .text.UsageFault_Handler
                0x08000924        0x8 CMakeFiles/Blink_Led.dir/Core/Src/stm32f4xx_it.c.obj
                0x08000924                UsageFault_Handler
 .text.SVC_Handler
                0x0800092c        0xe CMakeFiles/Blink_Led.dir/Core/Src/stm32f4xx_it.c.obj
                0x0800092c                SVC_Handler
 .text.DebugMon_Handler
                0x0800093a        0xe CMakeFiles/Blink_Led.dir/Core/Src/stm32f4xx_it.c.obj
                0x0800093a                DebugMon_Handler
 .text.PendSV_Handler
                0x08000948        0xe CMakeFiles/Blink_Led.dir/Core/Src/stm32f4xx_it.c.obj
                0x08000948                PendSV_Handler
 .text.SysTick_Handler
                0x08000956        0xc CMakeFiles/Blink_Led.dir/Core/Src/stm32f4xx_it.c.obj
                0x08000956                SysTick_Handler
 *fill*         0x08000962        0x2 
 .text.HAL_MspInit
                0x08000964       0x50 CMakeFiles/Blink_Led.dir/Core/Src/stm32f4xx_hal_msp.c.obj
                0x08000964                HAL_MspInit
 .text.HAL_ETH_MspInit
                0x080009b4      0x18c CMakeFiles/Blink_Led.dir/Core/Src/stm32f4xx_hal_msp.c.obj
                0x080009b4                HAL_ETH_MspInit
 .text.HAL_UART_MspInit
                0x08000b40       0x90 CMakeFiles/Blink_Led.dir/Core/Src/stm32f4xx_hal_msp.c.obj
                0x08000b40                HAL_UART_MspInit
 .text.HAL_PCD_MspInit
                0x08000bd0       0xb4 CMakeFiles/Blink_Led.dir/Core/Src/stm32f4xx_hal_msp.c.obj
                0x08000bd0                HAL_PCD_MspInit
 .text.HAL_RCC_OscConfig
                0x08000c84      0x4f0 CMakeFiles/Blink_Led.dir/Drivers/STM32F4xx_HAL_Driver/Src/stm32f4xx_hal_rcc.c.obj
                0x08000c84                HAL_RCC_OscConfig
 .text.HAL_RCC_ClockConfig
                0x08001174      0x1cc CMakeFiles/Blink_Led.dir/Drivers/STM32F4xx_HAL_Driver/Src/stm32f4xx_hal_rcc.c.obj
                0x08001174                HAL_RCC_ClockConfig
 .text.HAL_RCC_GetSysClockFreq
                0x08001340      0x20c CMakeFiles/Blink_Led.dir/Drivers/STM32F4xx_HAL_Driver/Src/stm32f4xx_hal_rcc.c.obj
                0x08001340                HAL_RCC_GetSysClockFreq
 .text.HAL_RCC_GetHCLKFreq
                0x0800154c       0x18 CMakeFiles/Blink_Led.dir/Drivers/STM32F4xx_HAL_Driver/Src/stm32f4xx_hal_rcc.c.obj
                0x0800154c                HAL_RCC_GetHCLKFreq
 .text.HAL_RCC_GetPCLK1Freq
                0x08001564       0x28 CMakeFiles/Blink_Led.dir/Drivers/STM32F4xx_HAL_Driver/Src/stm32f4xx_hal_rcc.c.obj
                0x08001564                HAL_RCC_GetPCLK1Freq
 .text.HAL_RCC_GetPCLK2Freq
                0x0800158c       0x28 CMakeFiles/Blink_Led.dir/Drivers/STM32F4xx_HAL_Driver/Src/stm32f4xx_hal_rcc.c.obj
                0x0800158c                HAL_RCC_GetPCLK2Freq
 .text.HAL_GPIO_Init
                0x080015b4      0x358 CMakeFiles/Blink_Led.dir/Drivers/STM32F4xx_HAL_Driver/Src/stm32f4xx_hal_gpio.c.obj
                0x080015b4                HAL_GPIO_Init
 .text.HAL_GPIO_WritePin
                0x0800190c       0x32 CMakeFiles/Blink_Led.dir/Drivers/STM32F4xx_HAL_Driver/Src/stm32f4xx_hal_gpio.c.obj
                0x0800190c                HAL_GPIO_WritePin
 *fill*         0x0800193e        0x2 
 .text.__NVIC_SetPriorityGrouping
                0x08001940       0x48 CMakeFiles/Blink_Led.dir/Drivers/STM32F4xx_HAL_Driver/Src/stm32f4xx_hal_cortex.c.obj
 .text.__NVIC_GetPriorityGrouping
                0x08001988       0x1c CMakeFiles/Blink_Led.dir/Drivers/STM32F4xx_HAL_Driver/Src/stm32f4xx_hal_cortex.c.obj
 .text.__NVIC_SetPriority
                0x080019a4       0x54 CMakeFiles/Blink_Led.dir/Drivers/STM32F4xx_HAL_Driver/Src/stm32f4xx_hal_cortex.c.obj
 .text.NVIC_EncodePriority
                0x080019f8       0x66 CMakeFiles/Blink_Led.dir/Drivers/STM32F4xx_HAL_Driver/Src/stm32f4xx_hal_cortex.c.obj
 *fill*         0x08001a5e        0x2 
 .text.SysTick_Config
                0x08001a60       0x44 CMakeFiles/Blink_Led.dir/Drivers/STM32F4xx_HAL_Driver/Src/stm32f4xx_hal_cortex.c.obj
 .text.HAL_NVIC_SetPriorityGrouping
                0x08001aa4       0x16 CMakeFiles/Blink_Led.dir/Drivers/STM32F4xx_HAL_Driver/Src/stm32f4xx_hal_cortex.c.obj
                0x08001aa4                HAL_NVIC_SetPriorityGrouping
 .text.HAL_NVIC_SetPriority
                0x08001aba       0x38 CMakeFiles/Blink_Led.dir/Drivers/STM32F4xx_HAL_Driver/Src/stm32f4xx_hal_cortex.c.obj
                0x08001aba                HAL_NVIC_SetPriority
 .text.HAL_SYSTICK_Config
                0x08001af2       0x18 CMakeFiles/Blink_Led.dir/Drivers/STM32F4xx_HAL_Driver/Src/stm32f4xx_hal_cortex.c.obj
                0x08001af2                HAL_SYSTICK_Config
 *fill*         0x08001b0a        0x2 
 .text.HAL_Init
                0x08001b0c       0x44 CMakeFiles/Blink_Led.dir/Drivers/STM32F4xx_HAL_Driver/Src/stm32f4xx_hal.c.obj
                0x08001b0c                HAL_Init
 .text.HAL_InitTick
                0x08001b50       0x60 CMakeFiles/Blink_Led.dir/Drivers/STM32F4xx_HAL_Driver/Src/stm32f4xx_hal.c.obj
                0x08001b50                HAL_InitTick
 .text.HAL_IncTick
                0x08001bb0       0x28 CMakeFiles/Blink_Led.dir/Drivers/STM32F4xx_HAL_Driver/Src/stm32f4xx_hal.c.obj
                0x08001bb0                HAL_IncTick
 .text.HAL_GetTick
                0x08001bd8       0x18 CMakeFiles/Blink_Led.dir/Drivers/STM32F4xx_HAL_Driver/Src/stm32f4xx_hal.c.obj
                0x08001bd8                HAL_GetTick
 .text.HAL_Delay
                0x08001bf0       0x48 CMakeFiles/Blink_Led.dir/Drivers/STM32F4xx_HAL_Driver/Src/stm32f4xx_hal.c.obj
                0x08001bf0                HAL_Delay
 .text.HAL_ETH_Init
                0x08001c38      0x138 CMakeFiles/Blink_Led.dir/Drivers/STM32F4xx_HAL_Driver/Src/stm32f4xx_hal_eth.c.obj
                0x08001c38                HAL_ETH_Init
 .text.ETH_SetMACConfig
                0x08001d70      0x168 CMakeFiles/Blink_Led.dir/Drivers/STM32F4xx_HAL_Driver/Src/stm32f4xx_hal_eth.c.obj
 .text.ETH_SetDMAConfig
                0x08001ed8      0x114 CMakeFiles/Blink_Led.dir/Drivers/STM32F4xx_HAL_Driver/Src/stm32f4xx_hal_eth.c.obj
 .text.ETH_MACDMAConfig
                0x08001fec       0xea CMakeFiles/Blink_Led.dir/Drivers/STM32F4xx_HAL_Driver/Src/stm32f4xx_hal_eth.c.obj
 *fill*         0x080020d6        0x2 
 .text.ETH_MACAddressConfig
                0x080020d8       0x70 CMakeFiles/Blink_Led.dir/Drivers/STM32F4xx_HAL_Driver/Src/stm32f4xx_hal_eth.c.obj
 .text.ETH_DMATxDescListInit
                0x08002148       0xb2 CMakeFiles/Blink_Led.dir/Drivers/STM32F4xx_HAL_Driver/Src/stm32f4xx_hal_eth.c.obj
 .text.ETH_DMARxDescListInit
                0x080021fa       0xde CMakeFiles/Blink_Led.dir/Drivers/STM32F4xx_HAL_Driver/Src/stm32f4xx_hal_eth.c.obj
 .text.HAL_UART_Init
                0x080022d8       0xa0 CMakeFiles/Blink_Led.dir/Drivers/STM32F4xx_HAL_Driver/Src/stm32f4xx_hal_uart.c.obj
                0x080022d8                HAL_UART_Init
 .text.UART_SetConfig
                0x08002378      0x4e8 CMakeFiles/Blink_Led.dir/Drivers/STM32F4xx_HAL_Driver/Src/stm32f4xx_hal_uart.c.obj
 .text.HAL_PCD_Init
                0x08002860      0x21e CMakeFiles/Blink_Led.dir/Drivers/STM32F4xx_HAL_Driver/Src/stm32f4xx_hal_pcd.c.obj
                0x08002860                HAL_PCD_Init
 .text.USB_CoreInit
                0x08002a7e       0xc8 CMakeFiles/Blink_Led.dir/Drivers/STM32F4xx_HAL_Driver/Src/stm32f4xx_ll_usb.c.obj
                0x08002a7e                USB_CoreInit
 .text.USB_DisableGlobalInt
                0x08002b46       0x22 CMakeFiles/Blink_Led.dir/Drivers/STM32F4xx_HAL_Driver/Src/stm32f4xx_ll_usb.c.obj
                0x08002b46                USB_DisableGlobalInt
 .text.USB_SetCurrentMode
                0x08002b68       0x98 CMakeFiles/Blink_Led.dir/Drivers/STM32F4xx_HAL_Driver/Src/stm32f4xx_ll_usb.c.obj
                0x08002b68                USB_SetCurrentMode
 .text.USB_DevInit
                0x08002c00      0x2c8 CMakeFiles/Blink_Led.dir/Drivers/STM32F4xx_HAL_Driver/Src/stm32f4xx_ll_usb.c.obj
                0x08002c00                USB_DevInit
 .text.USB_FlushTxFifo
                0x08002ec8       0x64 CMakeFiles/Blink_Led.dir/Drivers/STM32F4xx_HAL_Driver/Src/stm32f4xx_ll_usb.c.obj
                0x08002ec8                USB_FlushTxFifo
 .text.USB_FlushRxFifo
                0x08002f2c       0x5c CMakeFiles/Blink_Led.dir/Drivers/STM32F4xx_HAL_Driver/Src/stm32f4xx_ll_usb.c.obj
                0x08002f2c                USB_FlushRxFifo
 .text.USB_SetDevSpeed
                0x08002f88       0x32 CMakeFiles/Blink_Led.dir/Drivers/STM32F4xx_HAL_Driver/Src/stm32f4xx_ll_usb.c.obj
                0x08002f88                USB_SetDevSpeed
 .text.USB_DevDisconnect
                0x08002fba       0x42 CMakeFiles/Blink_Led.dir/Drivers/STM32F4xx_HAL_Driver/Src/stm32f4xx_ll_usb.c.obj
                0x08002fba                USB_DevDisconnect
 .text.USB_GetMode
                0x08002ffc       0x1c CMakeFiles/Blink_Led.dir/Drivers/STM32F4xx_HAL_Driver/Src/stm32f4xx_ll_usb.c.obj
                0x08002ffc                USB_GetMode
 .text.USB_CoreReset
                0x08003018       0x62 CMakeFiles/Blink_Led.dir/Drivers/STM32F4xx_HAL_Driver/Src/stm32f4xx_ll_usb.c.obj
 *fill*         0x0800307a        0x2 
 .text.SystemInit
                0x0800307c       0x24 CMakeFiles/Blink_Led.dir/Core/Src/system_stm32f4xx.c.obj
                0x0800307c                SystemInit
 .text.Reset_Handler
                0x080030a0       0x50 CMakeFiles/Blink_Led.dir/startup_stm32f439xx.s.obj
                0x080030a0                Reset_Handler
 .text.Default_Handler
                0x080030f0        0x2 CMakeFiles/Blink_Led.dir/startup_stm32f439xx.s.obj
                0x080030f0                RTC_Alarm_IRQHandler
                0x080030f0                HASH_RNG_IRQHandler
                0x080030f0                EXTI2_IRQHandler
                0x080030f0                TIM8_CC_IRQHandler
                0x080030f0                UART8_IRQHandler
                0x080030f0                SPI4_IRQHandler
                0x080030f0                TIM1_CC_IRQHandler
                0x080030f0                DMA2_Stream5_IRQHandler
                0x080030f0                DMA1_Stream5_IRQHandler
                0x080030f0                PVD_IRQHandler
                0x080030f0                SDIO_IRQHandler
                0x080030f0                TAMP_STAMP_IRQHandler
                0x080030f0                CAN2_RX1_IRQHandler
                0x080030f0                EXTI3_IRQHandler
                0x080030f0                TIM8_TRG_COM_TIM14_IRQHandler
                0x080030f0                TIM1_UP_TIM10_IRQHandler
                0x080030f0                TIM8_UP_TIM13_IRQHandler
                0x080030f0                I2C3_ER_IRQHandler
                0x080030f0                EXTI0_IRQHandler
                0x080030f0                I2C2_EV_IRQHandler
                0x080030f0                DMA1_Stream2_IRQHandler
                0x080030f0                CAN1_RX0_IRQHandler
                0x080030f0                FPU_IRQHandler
                0x080030f0                OTG_HS_WKUP_IRQHandler
                0x080030f0                LTDC_ER_IRQHandler
                0x080030f0                CAN2_SCE_IRQHandler
                0x080030f0                DMA2_Stream2_IRQHandler
                0x080030f0                SPI1_IRQHandler
                0x080030f0                TIM6_DAC_IRQHandler
                0x080030f0                TIM1_BRK_TIM9_IRQHandler
                0x080030f0                DCMI_IRQHandler
                0x080030f0                CAN2_RX0_IRQHandler
                0x080030f0                DMA2_Stream3_IRQHandler
                0x080030f0                USART6_IRQHandler
                0x080030f0                USART3_IRQHandler
                0x080030f0                CRYP_IRQHandler
                0x080030f0                CAN1_RX1_IRQHandler
                0x080030f0                UART5_IRQHandler
                0x080030f0                DMA2_Stream0_IRQHandler
                0x080030f0                TIM4_IRQHandler
                0x080030f0                I2C1_EV_IRQHandler
                0x080030f0                DMA1_Stream6_IRQHandler
                0x080030f0                DMA1_Stream1_IRQHandler
                0x080030f0                UART4_IRQHandler
                0x080030f0                TIM3_IRQHandler
                0x080030f0                RCC_IRQHandler
                0x080030f0                TIM8_BRK_TIM12_IRQHandler
                0x080030f0                Default_Handler
                0x080030f0                EXTI15_10_IRQHandler
                0x080030f0                ADC_IRQHandler
                0x080030f0                DMA1_Stream7_IRQHandler
                0x080030f0                SPI5_IRQHandler
                0x080030f0                TIM7_IRQHandler
                0x080030f0                CAN2_TX_IRQHandler
                0x080030f0                TIM5_IRQHandler
                0x080030f0                DMA2_Stream7_IRQHandler
                0x080030f0                I2C3_EV_IRQHandler
                0x080030f0                EXTI9_5_IRQHandler
                0x080030f0                RTC_WKUP_IRQHandler
                0x080030f0                LTDC_IRQHandler
                0x080030f0                ETH_WKUP_IRQHandler
                0x080030f0                SPI2_IRQHandler
                0x080030f0                OTG_HS_EP1_IN_IRQHandler
                0x080030f0                DMA1_Stream0_IRQHandler
                0x080030f0                CAN1_TX_IRQHandler
                0x080030f0                EXTI4_IRQHandler
                0x080030f0                ETH_IRQHandler
                0x080030f0                OTG_HS_EP1_OUT_IRQHandler
                0x080030f0                WWDG_IRQHandler
                0x080030f0                SPI6_IRQHandler
                0x080030f0                TIM2_IRQHandler
                0x080030f0                OTG_FS_WKUP_IRQHandler
                0x080030f0                TIM1_TRG_COM_TIM11_IRQHandler
                0x080030f0                OTG_HS_IRQHandler
                0x080030f0                DMA2D_IRQHandler
                0x080030f0                EXTI1_IRQHandler
                0x080030f0                UART7_IRQHandler
                0x080030f0                USART2_IRQHandler
                0x080030f0                I2C2_ER_IRQHandler
                0x080030f0                DMA2_Stream1_IRQHandler
                0x080030f0                CAN1_SCE_IRQHandler
                0x080030f0                FLASH_IRQHandler
                0x080030f0                DMA2_Stream4_IRQHandler
                0x080030f0                USART1_IRQHandler
                0x080030f0                OTG_FS_IRQHandler
                0x080030f0                SPI3_IRQHandler
                0x080030f0                DMA1_Stream4_IRQHandler
                0x080030f0                I2C1_ER_IRQHandler
                0x080030f0                FMC_IRQHandler
                0x080030f0                DMA2_Stream6_IRQHandler
                0x080030f0                SAI1_IRQHandler
                0x080030f0                DMA1_Stream3_IRQHandler
 *(.glue_7)
 .glue_7        0x080030f2        0x0 linker stubs
 *(.glue_7t)
 .glue_7t       0x080030f2        0x0 linker stubs
 *(.eh_frame)
 *fill*         0x080030f2        0x2 
 .eh_frame      0x080030f4        0x0 C:/ST/STM32CubeCLT_1.17.0/GNU-tools-for-STM32/bin/../lib/gcc/arm-none-eabi/12.3.1/thumb/v7e-m+fp/hard/crtbegin.o
 *(.init)
 .init          0x080030f4        0x4 C:/ST/STM32CubeCLT_1.17.0/GNU-tools-for-STM32/bin/../lib/gcc/arm-none-eabi/12.3.1/thumb/v7e-m+fp/hard/crti.o
                0x080030f4                _init
 .init          0x080030f8        0x8 C:/ST/STM32CubeCLT_1.17.0/GNU-tools-for-STM32/bin/../lib/gcc/arm-none-eabi/12.3.1/thumb/v7e-m+fp/hard/crtn.o
 *(.fini)
 .fini          0x08003100        0x4 C:/ST/STM32CubeCLT_1.17.0/GNU-tools-for-STM32/bin/../lib/gcc/arm-none-eabi/12.3.1/thumb/v7e-m+fp/hard/crti.o
                0x08003100                _fini
 .fini          0x08003104        0x8 C:/ST/STM32CubeCLT_1.17.0/GNU-tools-for-STM32/bin/../lib/gcc/arm-none-eabi/12.3.1/thumb/v7e-m+fp/hard/crtn.o
                0x0800310c                        . = ALIGN (0x4)
                0x0800310c                        _etext = .

.vfp11_veneer   0x0800310c        0x0
 .vfp11_veneer  0x0800310c        0x0 linker stubs

.v4_bx          0x0800310c        0x0
 .v4_bx         0x0800310c        0x0 linker stubs

.iplt           0x0800310c        0x0
 .iplt          0x0800310c        0x0 C:/ST/STM32CubeCLT_1.17.0/GNU-tools-for-STM32/bin/../lib/gcc/arm-none-eabi/12.3.1/thumb/v7e-m+fp/hard/crtbegin.o

.rodata         0x0800310c       0x18
                0x0800310c                        . = ALIGN (0x4)
 *(.rodata)
 *(.rodata*)
 .rodata.AHBPrescTable
                0x0800310c       0x10 CMakeFiles/Blink_Led.dir/Core/Src/system_stm32f4xx.c.obj
                0x0800310c                AHBPrescTable
 .rodata.APBPrescTable
                0x0800311c        0x8 CMakeFiles/Blink_Led.dir/Core/Src/system_stm32f4xx.c.obj
                0x0800311c                APBPrescTable
                0x08003124                        . = ALIGN (0x4)

.ARM.extab
 *(.ARM.extab* .gnu.linkonce.armextab.*)

.ARM            0x08003124        0x8
                0x08003124                        __exidx_start = .
 *(.ARM.exidx*)
 .ARM.exidx     0x08003124        0x8 C:/ST/STM32CubeCLT_1.17.0/GNU-tools-for-STM32/bin/../lib/gcc/arm-none-eabi/12.3.1/thumb/v7e-m+fp/hard\libgcc.a(_udivmoddi4.o)
                0x0800312c                        __exidx_end = .

.rel.dyn        0x0800312c        0x0
 .rel.iplt      0x0800312c        0x0 C:/ST/STM32CubeCLT_1.17.0/GNU-tools-for-STM32/bin/../lib/gcc/arm-none-eabi/12.3.1/thumb/v7e-m+fp/hard/crtbegin.o

.preinit_array  0x0800312c        0x0
                0x0800312c                        PROVIDE (__preinit_array_start = .)
 *(.preinit_array*)
                0x0800312c                        PROVIDE (__preinit_array_end = .)

.init_array     0x0800312c        0x4
                0x0800312c                        PROVIDE (__init_array_start = .)
 *(SORT_BY_NAME(.init_array.*))
 *(.init_array*)
 .init_array    0x0800312c        0x4 C:/ST/STM32CubeCLT_1.17.0/GNU-tools-for-STM32/bin/../lib/gcc/arm-none-eabi/12.3.1/thumb/v7e-m+fp/hard/crtbegin.o
                0x08003130                        PROVIDE (__init_array_end = .)

.fini_array     0x08003130        0x4
                [!provide]                        PROVIDE (__fini_array_start = .)
 *(SORT_BY_NAME(.fini_array.*))
 *(.fini_array*)
 .fini_array    0x08003130        0x4 C:/ST/STM32CubeCLT_1.17.0/GNU-tools-for-STM32/bin/../lib/gcc/arm-none-eabi/12.3.1/thumb/v7e-m+fp/hard/crtbegin.o
                [!provide]                        PROVIDE (__fini_array_end = .)
                0x08003134                        _sidata = LOADADDR (.data)

.data           0x20000000        0xc load address 0x08003134
                0x20000000                        . = ALIGN (0x4)
                0x20000000                        _sdata = .
 *(.data)
 *(.data*)
 .data.uwTickPrio
                0x20000000        0x4 CMakeFiles/Blink_Led.dir/Drivers/STM32F4xx_HAL_Driver/Src/stm32f4xx_hal.c.obj
                0x20000000                uwTickPrio
 .data.uwTickFreq
                0x20000004        0x1 CMakeFiles/Blink_Led.dir/Drivers/STM32F4xx_HAL_Driver/Src/stm32f4xx_hal.c.obj
                0x20000004                uwTickFreq
 *fill*         0x20000005        0x3 
 .data.SystemCoreClock
                0x20000008        0x4 CMakeFiles/Blink_Led.dir/Core/Src/system_stm32f4xx.c.obj
                0x20000008                SystemCoreClock
                0x2000000c                        . = ALIGN (0x4)
                0x2000000c                        _edata = .
                0x08003140                        _siccmram = LOADADDR (.ccmram)

.igot.plt       0x2000000c        0x0 load address 0x08003140
 .igot.plt      0x2000000c        0x0 C:/ST/STM32CubeCLT_1.17.0/GNU-tools-for-STM32/bin/../lib/gcc/arm-none-eabi/12.3.1/thumb/v7e-m+fp/hard/crtbegin.o

.ccmram         0x10000000        0x0 load address 0x08003140
                0x10000000                        . = ALIGN (0x4)
                0x10000000                        _sccmram = .
 *(.ccmram)
 *(.ccmram*)
                0x10000000                        . = ALIGN (0x4)
                0x10000000                        _eccmram = .
                0x10000000                        . = ALIGN (0x4)

.bss            0x2000000c      0x77c
                0x2000000c                        _sbss = .
                0x2000000c                        __bss_start__ = _sbss
 *(.bss)
 .bss           0x2000000c       0x1c C:/ST/STM32CubeCLT_1.17.0/GNU-tools-for-STM32/bin/../lib/gcc/arm-none-eabi/12.3.1/thumb/v7e-m+fp/hard/crtbegin.o
 *(.bss*)
 .bss.TxConfig  0x20000028       0x38 CMakeFiles/Blink_Led.dir/Core/Src/main.c.obj
                0x20000028                TxConfig
 .bss.DMARxDscrTab
                0x20000060       0xa0 CMakeFiles/Blink_Led.dir/Core/Src/main.c.obj
                0x20000060                DMARxDscrTab
 .bss.DMATxDscrTab
                0x20000100       0xa0 CMakeFiles/Blink_Led.dir/Core/Src/main.c.obj
                0x20000100                DMATxDscrTab
 .bss.heth      0x200001a0       0xb0 CMakeFiles/Blink_Led.dir/Core/Src/main.c.obj
                0x200001a0                heth
 .bss.huart3    0x20000250       0x48 CMakeFiles/Blink_Led.dir/Core/Src/main.c.obj
                0x20000250                huart3
 .bss.hpcd_USB_OTG_FS
                0x20000298      0x4e4 CMakeFiles/Blink_Led.dir/Core/Src/main.c.obj
                0x20000298                hpcd_USB_OTG_FS
 .bss.MACAddr.0
                0x2000077c        0x6 CMakeFiles/Blink_Led.dir/Core/Src/main.c.obj
 *fill*         0x20000782        0x2 
 .bss.uwTick    0x20000784        0x4 CMakeFiles/Blink_Led.dir/Drivers/STM32F4xx_HAL_Driver/Src/stm32f4xx_hal.c.obj
                0x20000784                uwTick
 *(COMMON)
                0x20000788                        . = ALIGN (0x4)
                0x20000788                        _ebss = .
                0x20000788                        __bss_end__ = _ebss

._user_heap_stack
                0x20000788      0x600
                0x20000788                        . = ALIGN (0x8)
                [!provide]                        PROVIDE (end = .)
                0x20000788                        PROVIDE (_end = .)
                0x20000988                        . = (. + _Min_Heap_Size)
 *fill*         0x20000788      0x200 
                0x20000d88                        . = (. + _Min_Stack_Size)
 *fill*         0x20000988      0x400 
                0x20000d88                        . = ALIGN (0x8)

/DISCARD/
 libc.a(*)
 libm.a(*)
 libgcc.a(*)
OUTPUT(Blink_Led.elf elf32-littlearm)
LOAD linker stubs
LOAD C:/ST/STM32CubeCLT_1.17.0/GNU-tools-for-STM32/bin/../lib/gcc/arm-none-eabi/12.3.1/../../../../arm-none-eabi/lib/thumb/v7e-m+fp/hard\libc.a
LOAD C:/ST/STM32CubeCLT_1.17.0/GNU-tools-for-STM32/bin/../lib/gcc/arm-none-eabi/12.3.1/../../../../arm-none-eabi/lib/thumb/v7e-m+fp/hard\libm.a
LOAD C:/ST/STM32CubeCLT_1.17.0/GNU-tools-for-STM32/bin/../lib/gcc/arm-none-eabi/12.3.1/thumb/v7e-m+fp/hard\libgcc.a

.ARM.attributes
                0x00000000       0x30
 .ARM.attributes
                0x00000000       0x22 C:/ST/STM32CubeCLT_1.17.0/GNU-tools-for-STM32/bin/../lib/gcc/arm-none-eabi/12.3.1/thumb/v7e-m+fp/hard/crti.o
 .ARM.attributes
                0x00000022       0x34 C:/ST/STM32CubeCLT_1.17.0/GNU-tools-for-STM32/bin/../lib/gcc/arm-none-eabi/12.3.1/thumb/v7e-m+fp/hard/crtbegin.o
 .ARM.attributes
                0x00000056       0x34 C:/ST/STM32CubeCLT_1.17.0/GNU-tools-for-STM32/bin/../lib/gcc/arm-none-eabi/12.3.1/../../../../arm-none-eabi/lib/thumb/v7e-m+fp/hard\libc_nano.a(libc_a-memset.o)
 .ARM.attributes
                0x0000008a       0x34 C:/ST/STM32CubeCLT_1.17.0/GNU-tools-for-STM32/bin/../lib/gcc/arm-none-eabi/12.3.1/../../../../arm-none-eabi/lib/thumb/v7e-m+fp/hard\libc_nano.a(libc_a-init.o)
 .ARM.attributes
                0x000000be       0x34 CMakeFiles/Blink_Led.dir/Core/Src/main.c.obj
 .ARM.attributes
                0x000000f2       0x34 CMakeFiles/Blink_Led.dir/Core/Src/stm32f4xx_it.c.obj
 .ARM.attributes
                0x00000126       0x34 CMakeFiles/Blink_Led.dir/Core/Src/stm32f4xx_hal_msp.c.obj
 .ARM.attributes
                0x0000015a       0x34 CMakeFiles/Blink_Led.dir/Drivers/STM32F4xx_HAL_Driver/Src/stm32f4xx_hal_rcc.c.obj
 .ARM.attributes
                0x0000018e       0x34 CMakeFiles/Blink_Led.dir/Drivers/STM32F4xx_HAL_Driver/Src/stm32f4xx_hal_gpio.c.obj
 .ARM.attributes
                0x000001c2       0x34 CMakeFiles/Blink_Led.dir/Drivers/STM32F4xx_HAL_Driver/Src/stm32f4xx_hal_cortex.c.obj
 .ARM.attributes
                0x000001f6       0x34 CMakeFiles/Blink_Led.dir/Drivers/STM32F4xx_HAL_Driver/Src/stm32f4xx_hal.c.obj
 .ARM.attributes
                0x0000022a       0x34 CMakeFiles/Blink_Led.dir/Drivers/STM32F4xx_HAL_Driver/Src/stm32f4xx_hal_eth.c.obj
 .ARM.attributes
                0x0000025e       0x34 CMakeFiles/Blink_Led.dir/Drivers/STM32F4xx_HAL_Driver/Src/stm32f4xx_hal_uart.c.obj
 .ARM.attributes
                0x00000292       0x34 CMakeFiles/Blink_Led.dir/Drivers/STM32F4xx_HAL_Driver/Src/stm32f4xx_hal_pcd.c.obj
 .ARM.attributes
                0x000002c6       0x34 CMakeFiles/Blink_Led.dir/Drivers/STM32F4xx_HAL_Driver/Src/stm32f4xx_ll_usb.c.obj
 .ARM.attributes
                0x000002fa       0x34 CMakeFiles/Blink_Led.dir/Core/Src/system_stm32f4xx.c.obj
 .ARM.attributes
                0x0000032e       0x21 CMakeFiles/Blink_Led.dir/startup_stm32f439xx.s.obj
 .ARM.attributes
                0x0000034f       0x22 C:/ST/STM32CubeCLT_1.17.0/GNU-tools-for-STM32/bin/../lib/gcc/arm-none-eabi/12.3.1/thumb/v7e-m+fp/hard\libgcc.a(_aeabi_uldivmod.o)
 .ARM.attributes
                0x00000371       0x34 C:/ST/STM32CubeCLT_1.17.0/GNU-tools-for-STM32/bin/../lib/gcc/arm-none-eabi/12.3.1/thumb/v7e-m+fp/hard\libgcc.a(_udivmoddi4.o)
 .ARM.attributes
                0x000003a5       0x22 C:/ST/STM32CubeCLT_1.17.0/GNU-tools-for-STM32/bin/../lib/gcc/arm-none-eabi/12.3.1/thumb/v7e-m+fp/hard\libgcc.a(_dvmd_tls.o)
 .ARM.attributes
                0x000003c7       0x22 C:/ST/STM32CubeCLT_1.17.0/GNU-tools-for-STM32/bin/../lib/gcc/arm-none-eabi/12.3.1/thumb/v7e-m+fp/hard/crtn.o

.comment        0x00000000       0x43
 .comment       0x00000000       0x43 CMakeFiles/Blink_Led.dir/Core/Src/main.c.obj
                                 0x44 (size before relaxing)
 .comment       0x00000043       0x44 CMakeFiles/Blink_Led.dir/Core/Src/stm32f4xx_it.c.obj
 .comment       0x00000043       0x44 CMakeFiles/Blink_Led.dir/Core/Src/stm32f4xx_hal_msp.c.obj
 .comment       0x00000043       0x44 CMakeFiles/Blink_Led.dir/Drivers/STM32F4xx_HAL_Driver/Src/stm32f4xx_hal_rcc.c.obj
 .comment       0x00000043       0x44 CMakeFiles/Blink_Led.dir/Drivers/STM32F4xx_HAL_Driver/Src/stm32f4xx_hal_gpio.c.obj
 .comment       0x00000043       0x44 CMakeFiles/Blink_Led.dir/Drivers/STM32F4xx_HAL_Driver/Src/stm32f4xx_hal_cortex.c.obj
 .comment       0x00000043       0x44 CMakeFiles/Blink_Led.dir/Drivers/STM32F4xx_HAL_Driver/Src/stm32f4xx_hal.c.obj
 .comment       0x00000043       0x44 CMakeFiles/Blink_Led.dir/Drivers/STM32F4xx_HAL_Driver/Src/stm32f4xx_hal_eth.c.obj
 .comment       0x00000043       0x44 CMakeFiles/Blink_Led.dir/Drivers/STM32F4xx_HAL_Driver/Src/stm32f4xx_hal_uart.c.obj
 .comment       0x00000043       0x44 CMakeFiles/Blink_Led.dir/Drivers/STM32F4xx_HAL_Driver/Src/stm32f4xx_hal_pcd.c.obj
 .comment       0x00000043       0x44 CMakeFiles/Blink_Led.dir/Drivers/STM32F4xx_HAL_Driver/Src/stm32f4xx_ll_usb.c.obj
 .comment       0x00000043       0x44 CMakeFiles/Blink_Led.dir/Core/Src/system_stm32f4xx.c.obj

.debug_frame    0x00000000     0x2f58
 .debug_frame   0x00000000       0x20 C:/ST/STM32CubeCLT_1.17.0/GNU-tools-for-STM32/bin/../lib/gcc/arm-none-eabi/12.3.1/../../../../arm-none-eabi/lib/thumb/v7e-m+fp/hard\libc_nano.a(libc_a-memset.o)
 .debug_frame   0x00000020       0x2c C:/ST/STM32CubeCLT_1.17.0/GNU-tools-for-STM32/bin/../lib/gcc/arm-none-eabi/12.3.1/../../../../arm-none-eabi/lib/thumb/v7e-m+fp/hard\libc_nano.a(libc_a-init.o)
 .debug_frame   0x0000004c       0xe0 CMakeFiles/Blink_Led.dir/Core/Src/main.c.obj
 .debug_frame   0x0000012c      0x104 CMakeFiles/Blink_Led.dir/Core/Src/stm32f4xx_it.c.obj
 .debug_frame   0x00000230      0x110 CMakeFiles/Blink_Led.dir/Core/Src/stm32f4xx_hal_msp.c.obj
 .debug_frame   0x00000340      0x1f4 CMakeFiles/Blink_Led.dir/Drivers/STM32F4xx_HAL_Driver/Src/stm32f4xx_hal_rcc.c.obj
 .debug_frame   0x00000534      0x14c CMakeFiles/Blink_Led.dir/Drivers/STM32F4xx_HAL_Driver/Src/stm32f4xx_hal_gpio.c.obj
 .debug_frame   0x00000680      0x508 CMakeFiles/Blink_Led.dir/Drivers/STM32F4xx_HAL_Driver/Src/stm32f4xx_hal_cortex.c.obj
 .debug_frame   0x00000b88      0x3b4 CMakeFiles/Blink_Led.dir/Drivers/STM32F4xx_HAL_Driver/Src/stm32f4xx_hal.c.obj
 .debug_frame   0x00000f3c      0x898 CMakeFiles/Blink_Led.dir/Drivers/STM32F4xx_HAL_Driver/Src/stm32f4xx_hal_eth.c.obj
 .debug_frame   0x000017d4      0x954 CMakeFiles/Blink_Led.dir/Drivers/STM32F4xx_HAL_Driver/Src/stm32f4xx_hal_uart.c.obj
 .debug_frame   0x00002128      0x5b8 CMakeFiles/Blink_Led.dir/Drivers/STM32F4xx_HAL_Driver/Src/stm32f4xx_hal_pcd.c.obj
 .debug_frame   0x000026e0      0x7c0 CMakeFiles/Blink_Led.dir/Drivers/STM32F4xx_HAL_Driver/Src/stm32f4xx_ll_usb.c.obj
 .debug_frame   0x00002ea0       0x58 CMakeFiles/Blink_Led.dir/Core/Src/system_stm32f4xx.c.obj
 .debug_frame   0x00002ef8       0x2c C:/ST/STM32CubeCLT_1.17.0/GNU-tools-for-STM32/bin/../lib/gcc/arm-none-eabi/12.3.1/thumb/v7e-m+fp/hard\libgcc.a(_aeabi_uldivmod.o)
 .debug_frame   0x00002f24       0x34 C:/ST/STM32CubeCLT_1.17.0/GNU-tools-for-STM32/bin/../lib/gcc/arm-none-eabi/12.3.1/thumb/v7e-m+fp/hard\libgcc.a(_udivmoddi4.o)

.debug_info     0x00000000     0xe008
 .debug_info    0x00000000     0x1b25 CMakeFiles/Blink_Led.dir/Core/Src/main.c.obj
 .debug_info    0x00001b25      0x112 CMakeFiles/Blink_Led.dir/Core/Src/stm32f4xx_it.c.obj
 .debug_info    0x00001c37     0x178f CMakeFiles/Blink_Led.dir/Core/Src/stm32f4xx_hal_msp.c.obj
 .debug_info    0x000033c6      0x8c7 CMakeFiles/Blink_Led.dir/Drivers/STM32F4xx_HAL_Driver/Src/stm32f4xx_hal_rcc.c.obj
 .debug_info    0x00003c8d      0x6db CMakeFiles/Blink_Led.dir/Drivers/STM32F4xx_HAL_Driver/Src/stm32f4xx_hal_gpio.c.obj
 .debug_info    0x00004368      0xdc8 CMakeFiles/Blink_Led.dir/Drivers/STM32F4xx_HAL_Driver/Src/stm32f4xx_hal_cortex.c.obj
 .debug_info    0x00005130      0x9c0 CMakeFiles/Blink_Led.dir/Drivers/STM32F4xx_HAL_Driver/Src/stm32f4xx_hal.c.obj
 .debug_info    0x00005af0     0x2169 CMakeFiles/Blink_Led.dir/Drivers/STM32F4xx_HAL_Driver/Src/stm32f4xx_hal_eth.c.obj
 .debug_info    0x00007c59     0x2f4f CMakeFiles/Blink_Led.dir/Drivers/STM32F4xx_HAL_Driver/Src/stm32f4xx_hal_uart.c.obj
 .debug_info    0x0000aba8     0x156f CMakeFiles/Blink_Led.dir/Drivers/STM32F4xx_HAL_Driver/Src/stm32f4xx_hal_pcd.c.obj
 .debug_info    0x0000c117     0x1993 CMakeFiles/Blink_Led.dir/Drivers/STM32F4xx_HAL_Driver/Src/stm32f4xx_ll_usb.c.obj
 .debug_info    0x0000daaa      0x52e CMakeFiles/Blink_Led.dir/Core/Src/system_stm32f4xx.c.obj
 .debug_info    0x0000dfd8       0x30 CMakeFiles/Blink_Led.dir/startup_stm32f439xx.s.obj

.debug_abbrev   0x00000000     0x1c9a
 .debug_abbrev  0x00000000      0x304 CMakeFiles/Blink_Led.dir/Core/Src/main.c.obj
 .debug_abbrev  0x00000304       0x73 CMakeFiles/Blink_Led.dir/Core/Src/stm32f4xx_it.c.obj
 .debug_abbrev  0x00000377      0x253 CMakeFiles/Blink_Led.dir/Core/Src/stm32f4xx_hal_msp.c.obj
 .debug_abbrev  0x000005ca      0x2b7 CMakeFiles/Blink_Led.dir/Drivers/STM32F4xx_HAL_Driver/Src/stm32f4xx_hal_rcc.c.obj
 .debug_abbrev  0x00000881      0x1d4 CMakeFiles/Blink_Led.dir/Drivers/STM32F4xx_HAL_Driver/Src/stm32f4xx_hal_gpio.c.obj
 .debug_abbrev  0x00000a55      0x31d CMakeFiles/Blink_Led.dir/Drivers/STM32F4xx_HAL_Driver/Src/stm32f4xx_hal_cortex.c.obj
 .debug_abbrev  0x00000d72      0x214 CMakeFiles/Blink_Led.dir/Drivers/STM32F4xx_HAL_Driver/Src/stm32f4xx_hal.c.obj
 .debug_abbrev  0x00000f86      0x35c CMakeFiles/Blink_Led.dir/Drivers/STM32F4xx_HAL_Driver/Src/stm32f4xx_hal_eth.c.obj
 .debug_abbrev  0x000012e2      0x30e CMakeFiles/Blink_Led.dir/Drivers/STM32F4xx_HAL_Driver/Src/stm32f4xx_hal_uart.c.obj
 .debug_abbrev  0x000015f0      0x2b9 CMakeFiles/Blink_Led.dir/Drivers/STM32F4xx_HAL_Driver/Src/stm32f4xx_hal_pcd.c.obj
 .debug_abbrev  0x000018a9      0x2b3 CMakeFiles/Blink_Led.dir/Drivers/STM32F4xx_HAL_Driver/Src/stm32f4xx_ll_usb.c.obj
 .debug_abbrev  0x00001b5c      0x11a CMakeFiles/Blink_Led.dir/Core/Src/system_stm32f4xx.c.obj
 .debug_abbrev  0x00001c76       0x24 CMakeFiles/Blink_Led.dir/startup_stm32f439xx.s.obj

.debug_aranges  0x00000000      0xb30
 .debug_aranges
                0x00000000       0x50 CMakeFiles/Blink_Led.dir/Core/Src/main.c.obj
 .debug_aranges
                0x00000050       0x60 CMakeFiles/Blink_Led.dir/Core/Src/stm32f4xx_it.c.obj
 .debug_aranges
                0x000000b0       0x50 CMakeFiles/Blink_Led.dir/Core/Src/stm32f4xx_hal_msp.c.obj
 .debug_aranges
                0x00000100       0x88 CMakeFiles/Blink_Led.dir/Drivers/STM32F4xx_HAL_Driver/Src/stm32f4xx_hal_rcc.c.obj
 .debug_aranges
                0x00000188       0x58 CMakeFiles/Blink_Led.dir/Drivers/STM32F4xx_HAL_Driver/Src/stm32f4xx_hal_gpio.c.obj
 .debug_aranges
                0x000001e0      0x130 CMakeFiles/Blink_Led.dir/Drivers/STM32F4xx_HAL_Driver/Src/stm32f4xx_hal_cortex.c.obj
 .debug_aranges
                0x00000310      0x100 CMakeFiles/Blink_Led.dir/Drivers/STM32F4xx_HAL_Driver/Src/stm32f4xx_hal.c.obj
 .debug_aranges
                0x00000410      0x1e0 CMakeFiles/Blink_Led.dir/Drivers/STM32F4xx_HAL_Driver/Src/stm32f4xx_hal_eth.c.obj
 .debug_aranges
                0x000005f0      0x208 CMakeFiles/Blink_Led.dir/Drivers/STM32F4xx_HAL_Driver/Src/stm32f4xx_hal_uart.c.obj
 .debug_aranges
                0x000007f8      0x148 CMakeFiles/Blink_Led.dir/Drivers/STM32F4xx_HAL_Driver/Src/stm32f4xx_hal_pcd.c.obj
 .debug_aranges
                0x00000940      0x1a0 CMakeFiles/Blink_Led.dir/Drivers/STM32F4xx_HAL_Driver/Src/stm32f4xx_ll_usb.c.obj
 .debug_aranges
                0x00000ae0       0x28 CMakeFiles/Blink_Led.dir/Core/Src/system_stm32f4xx.c.obj
 .debug_aranges
                0x00000b08       0x28 CMakeFiles/Blink_Led.dir/startup_stm32f439xx.s.obj

.debug_rnglists
                0x00000000      0x8a3
 .debug_rnglists
                0x00000000       0x3a CMakeFiles/Blink_Led.dir/Core/Src/main.c.obj
 .debug_rnglists
                0x0000003a       0x43 CMakeFiles/Blink_Led.dir/Core/Src/stm32f4xx_it.c.obj
 .debug_rnglists
                0x0000007d       0x3a CMakeFiles/Blink_Led.dir/Core/Src/stm32f4xx_hal_msp.c.obj
 .debug_rnglists
                0x000000b7       0x66 CMakeFiles/Blink_Led.dir/Drivers/STM32F4xx_HAL_Driver/Src/stm32f4xx_hal_rcc.c.obj
 .debug_rnglists
                0x0000011d       0x3f CMakeFiles/Blink_Led.dir/Drivers/STM32F4xx_HAL_Driver/Src/stm32f4xx_hal_gpio.c.obj
 .debug_rnglists
                0x0000015c       0xe0 CMakeFiles/Blink_Led.dir/Drivers/STM32F4xx_HAL_Driver/Src/stm32f4xx_hal_cortex.c.obj
 .debug_rnglists
                0x0000023c       0xbb CMakeFiles/Blink_Led.dir/Drivers/STM32F4xx_HAL_Driver/Src/stm32f4xx_hal.c.obj
 .debug_rnglists
                0x000002f7      0x17c CMakeFiles/Blink_Led.dir/Drivers/STM32F4xx_HAL_Driver/Src/stm32f4xx_hal_eth.c.obj
 .debug_rnglists
                0x00000473      0x1bc CMakeFiles/Blink_Led.dir/Drivers/STM32F4xx_HAL_Driver/Src/stm32f4xx_hal_uart.c.obj
 .debug_rnglists
                0x0000062f       0xfa CMakeFiles/Blink_Led.dir/Drivers/STM32F4xx_HAL_Driver/Src/stm32f4xx_hal_pcd.c.obj
 .debug_rnglists
                0x00000729      0x147 CMakeFiles/Blink_Led.dir/Drivers/STM32F4xx_HAL_Driver/Src/stm32f4xx_ll_usb.c.obj
 .debug_rnglists
                0x00000870       0x1a CMakeFiles/Blink_Led.dir/Core/Src/system_stm32f4xx.c.obj
 .debug_rnglists
                0x0000088a       0x19 CMakeFiles/Blink_Led.dir/startup_stm32f439xx.s.obj

.debug_macro    0x00000000    0x24194
 .debug_macro   0x00000000      0x2b6 CMakeFiles/Blink_Led.dir/Core/Src/main.c.obj
 .debug_macro   0x000002b6      0xab4 CMakeFiles/Blink_Led.dir/Core/Src/main.c.obj
 .debug_macro   0x00000d6a      0x2a1 CMakeFiles/Blink_Led.dir/Core/Src/main.c.obj
 .debug_macro   0x0000100b       0x2e CMakeFiles/Blink_Led.dir/Core/Src/main.c.obj
 .debug_macro   0x00001039       0x28 CMakeFiles/Blink_Led.dir/Core/Src/main.c.obj
 .debug_macro   0x00001061       0x22 CMakeFiles/Blink_Led.dir/Core/Src/main.c.obj
 .debug_macro   0x00001083       0x8e CMakeFiles/Blink_Led.dir/Core/Src/main.c.obj
 .debug_macro   0x00001111       0x51 CMakeFiles/Blink_Led.dir/Core/Src/main.c.obj
 .debug_macro   0x00001162      0x103 CMakeFiles/Blink_Led.dir/Core/Src/main.c.obj
 .debug_macro   0x00001265       0x6a CMakeFiles/Blink_Led.dir/Core/Src/main.c.obj
 .debug_macro   0x000012cf      0x1df CMakeFiles/Blink_Led.dir/Core/Src/main.c.obj
 .debug_macro   0x000014ae       0x1c CMakeFiles/Blink_Led.dir/Core/Src/main.c.obj
 .debug_macro   0x000014ca       0x22 CMakeFiles/Blink_Led.dir/Core/Src/main.c.obj
 .debug_macro   0x000014ec       0xfb CMakeFiles/Blink_Led.dir/Core/Src/main.c.obj
 .debug_macro   0x000015e7     0x1011 CMakeFiles/Blink_Led.dir/Core/Src/main.c.obj
 .debug_macro   0x000025f8      0x11f CMakeFiles/Blink_Led.dir/Core/Src/main.c.obj
 .debug_macro   0x00002717    0x18622 CMakeFiles/Blink_Led.dir/Core/Src/main.c.obj
 .debug_macro   0x0001ad39       0x6d CMakeFiles/Blink_Led.dir/Core/Src/main.c.obj
 .debug_macro   0x0001ada6     0x3711 CMakeFiles/Blink_Led.dir/Core/Src/main.c.obj
 .debug_macro   0x0001e4b7      0x189 CMakeFiles/Blink_Led.dir/Core/Src/main.c.obj
 .debug_macro   0x0001e640       0x5c CMakeFiles/Blink_Led.dir/Core/Src/main.c.obj
 .debug_macro   0x0001e69c      0xd2a CMakeFiles/Blink_Led.dir/Core/Src/main.c.obj
 .debug_macro   0x0001f3c6      0x9e9 CMakeFiles/Blink_Led.dir/Core/Src/main.c.obj
 .debug_macro   0x0001fdaf      0x115 CMakeFiles/Blink_Led.dir/Core/Src/main.c.obj
 .debug_macro   0x0001fec4      0x156 CMakeFiles/Blink_Led.dir/Core/Src/main.c.obj
 .debug_macro   0x0002001a       0xa5 CMakeFiles/Blink_Led.dir/Core/Src/main.c.obj
 .debug_macro   0x000200bf      0x182 CMakeFiles/Blink_Led.dir/Core/Src/main.c.obj
 .debug_macro   0x00020241      0x287 CMakeFiles/Blink_Led.dir/Core/Src/main.c.obj
 .debug_macro   0x000204c8       0x5f CMakeFiles/Blink_Led.dir/Core/Src/main.c.obj
 .debug_macro   0x00020527      0x236 CMakeFiles/Blink_Led.dir/Core/Src/main.c.obj
 .debug_macro   0x0002075d      0xb99 CMakeFiles/Blink_Led.dir/Core/Src/main.c.obj
 .debug_macro   0x000212f6      0x132 CMakeFiles/Blink_Led.dir/Core/Src/main.c.obj
 .debug_macro   0x00021428      0x41d CMakeFiles/Blink_Led.dir/Core/Src/main.c.obj
 .debug_macro   0x00021845       0x2e CMakeFiles/Blink_Led.dir/Core/Src/main.c.obj
 .debug_macro   0x00021873      0x127 CMakeFiles/Blink_Led.dir/Core/Src/main.c.obj
 .debug_macro   0x0002199a       0xe2 CMakeFiles/Blink_Led.dir/Core/Src/main.c.obj
 .debug_macro   0x00021a7c       0x89 CMakeFiles/Blink_Led.dir/Core/Src/main.c.obj
 .debug_macro   0x00021b05      0x2aa CMakeFiles/Blink_Led.dir/Core/Src/main.c.obj
 .debug_macro   0x00021daf      0x293 CMakeFiles/Blink_Led.dir/Core/Src/main.c.obj
 .debug_macro   0x00022042       0xba CMakeFiles/Blink_Led.dir/Core/Src/main.c.obj
 .debug_macro   0x000220fc      0x134 CMakeFiles/Blink_Led.dir/Core/Src/main.c.obj
 .debug_macro   0x00022230      0x124 CMakeFiles/Blink_Led.dir/Core/Src/main.c.obj
 .debug_macro   0x00022354       0x74 CMakeFiles/Blink_Led.dir/Core/Src/main.c.obj
 .debug_macro   0x000223c8       0x2a CMakeFiles/Blink_Led.dir/Core/Src/main.c.obj
 .debug_macro   0x000223f2       0x3c CMakeFiles/Blink_Led.dir/Core/Src/main.c.obj
 .debug_macro   0x0002242e       0x34 CMakeFiles/Blink_Led.dir/Core/Src/main.c.obj
 .debug_macro   0x00022462       0x16 CMakeFiles/Blink_Led.dir/Core/Src/main.c.obj
 .debug_macro   0x00022478       0x43 CMakeFiles/Blink_Led.dir/Core/Src/main.c.obj
 .debug_macro   0x000224bb       0x34 CMakeFiles/Blink_Led.dir/Core/Src/main.c.obj
 .debug_macro   0x000224ef       0x10 CMakeFiles/Blink_Led.dir/Core/Src/main.c.obj
 .debug_macro   0x000224ff       0x58 CMakeFiles/Blink_Led.dir/Core/Src/main.c.obj
 .debug_macro   0x00022557      0x1de CMakeFiles/Blink_Led.dir/Core/Src/main.c.obj
 .debug_macro   0x00022735      0x369 CMakeFiles/Blink_Led.dir/Core/Src/main.c.obj
 .debug_macro   0x00022a9e       0x10 CMakeFiles/Blink_Led.dir/Core/Src/main.c.obj
 .debug_macro   0x00022aae       0x35 CMakeFiles/Blink_Led.dir/Core/Src/main.c.obj
 .debug_macro   0x00022ae3       0x20 CMakeFiles/Blink_Led.dir/Core/Src/main.c.obj
 .debug_macro   0x00022b03      0x201 CMakeFiles/Blink_Led.dir/Core/Src/stm32f4xx_it.c.obj
 .debug_macro   0x00022d04      0x1f7 CMakeFiles/Blink_Led.dir/Core/Src/stm32f4xx_hal_msp.c.obj
 .debug_macro   0x00022efb      0x20c CMakeFiles/Blink_Led.dir/Drivers/STM32F4xx_HAL_Driver/Src/stm32f4xx_hal_rcc.c.obj
 .debug_macro   0x00023107      0x1ee CMakeFiles/Blink_Led.dir/Drivers/STM32F4xx_HAL_Driver/Src/stm32f4xx_hal_gpio.c.obj
 .debug_macro   0x000232f5      0x1e8 CMakeFiles/Blink_Led.dir/Drivers/STM32F4xx_HAL_Driver/Src/stm32f4xx_hal_cortex.c.obj
 .debug_macro   0x000234dd      0x248 CMakeFiles/Blink_Led.dir/Drivers/STM32F4xx_HAL_Driver/Src/stm32f4xx_hal.c.obj
 .debug_macro   0x00023725      0x2c2 CMakeFiles/Blink_Led.dir/Drivers/STM32F4xx_HAL_Driver/Src/stm32f4xx_hal_eth.c.obj
 .debug_macro   0x000239e7      0x1e9 CMakeFiles/Blink_Led.dir/Drivers/STM32F4xx_HAL_Driver/Src/stm32f4xx_hal_uart.c.obj
 .debug_macro   0x00023bd0      0x1f4 CMakeFiles/Blink_Led.dir/Drivers/STM32F4xx_HAL_Driver/Src/stm32f4xx_hal_pcd.c.obj
 .debug_macro   0x00023dc4      0x1e8 CMakeFiles/Blink_Led.dir/Drivers/STM32F4xx_HAL_Driver/Src/stm32f4xx_ll_usb.c.obj
 .debug_macro   0x00023fac      0x1e8 CMakeFiles/Blink_Led.dir/Core/Src/system_stm32f4xx.c.obj

.debug_line     0x00000000     0xc3ee
 .debug_line    0x00000000      0x8f7 CMakeFiles/Blink_Led.dir/Core/Src/main.c.obj
 .debug_line    0x000008f7      0x78c CMakeFiles/Blink_Led.dir/Core/Src/stm32f4xx_it.c.obj
 .debug_line    0x00001083      0x7f9 CMakeFiles/Blink_Led.dir/Core/Src/stm32f4xx_hal_msp.c.obj
 .debug_line    0x0000187c      0xd42 CMakeFiles/Blink_Led.dir/Drivers/STM32F4xx_HAL_Driver/Src/stm32f4xx_hal_rcc.c.obj
 .debug_line    0x000025be      0xb6b CMakeFiles/Blink_Led.dir/Drivers/STM32F4xx_HAL_Driver/Src/stm32f4xx_hal_gpio.c.obj
 .debug_line    0x00003129      0xca9 CMakeFiles/Blink_Led.dir/Drivers/STM32F4xx_HAL_Driver/Src/stm32f4xx_hal_cortex.c.obj
 .debug_line    0x00003dd2      0x9ed CMakeFiles/Blink_Led.dir/Drivers/STM32F4xx_HAL_Driver/Src/stm32f4xx_hal.c.obj
 .debug_line    0x000047bf     0x19ac CMakeFiles/Blink_Led.dir/Drivers/STM32F4xx_HAL_Driver/Src/stm32f4xx_hal_eth.c.obj
 .debug_line    0x0000616b     0x2889 CMakeFiles/Blink_Led.dir/Drivers/STM32F4xx_HAL_Driver/Src/stm32f4xx_hal_uart.c.obj
 .debug_line    0x000089f4     0x14a0 CMakeFiles/Blink_Led.dir/Drivers/STM32F4xx_HAL_Driver/Src/stm32f4xx_hal_pcd.c.obj
 .debug_line    0x00009e94     0x1d92 CMakeFiles/Blink_Led.dir/Drivers/STM32F4xx_HAL_Driver/Src/stm32f4xx_ll_usb.c.obj
 .debug_line    0x0000bc26      0x74e CMakeFiles/Blink_Led.dir/Core/Src/system_stm32f4xx.c.obj
 .debug_line    0x0000c374       0x7a CMakeFiles/Blink_Led.dir/startup_stm32f439xx.s.obj

.debug_str      0x00000000    0xdb0b5
 .debug_str     0x00000000    0xd75c9 CMakeFiles/Blink_Led.dir/Core/Src/main.c.obj
                              0xd7953 (size before relaxing)
 .debug_str     0x000d75c9       0xdc CMakeFiles/Blink_Led.dir/Core/Src/stm32f4xx_it.c.obj
                              0xd3c5c (size before relaxing)
 .debug_str     0x000d76a5       0xc2 CMakeFiles/Blink_Led.dir/Core/Src/stm32f4xx_hal_msp.c.obj
                              0xd4aef (size before relaxing)
 .debug_str     0x000d7767      0x2d4 CMakeFiles/Blink_Led.dir/Drivers/STM32F4xx_HAL_Driver/Src/stm32f4xx_hal_rcc.c.obj
                              0xd3d33 (size before relaxing)
 .debug_str     0x000d7a3b      0x134 CMakeFiles/Blink_Led.dir/Drivers/STM32F4xx_HAL_Driver/Src/stm32f4xx_hal_gpio.c.obj
                              0xd3a7a (size before relaxing)
 .debug_str     0x000d7b6f      0x9a4 CMakeFiles/Blink_Led.dir/Drivers/STM32F4xx_HAL_Driver/Src/stm32f4xx_hal_cortex.c.obj
                              0xd425a (size before relaxing)
 .debug_str     0x000d8513      0x5c2 CMakeFiles/Blink_Led.dir/Drivers/STM32F4xx_HAL_Driver/Src/stm32f4xx_hal.c.obj
                              0xd452c (size before relaxing)
 .debug_str     0x000d8ad5     0x1204 CMakeFiles/Blink_Led.dir/Drivers/STM32F4xx_HAL_Driver/Src/stm32f4xx_hal_eth.c.obj
                              0xd51e0 (size before relaxing)
 .debug_str     0x000d9cd9      0x66a CMakeFiles/Blink_Led.dir/Drivers/STM32F4xx_HAL_Driver/Src/stm32f4xx_hal_uart.c.obj
                              0xd4301 (size before relaxing)
 .debug_str     0x000da343      0x80f CMakeFiles/Blink_Led.dir/Drivers/STM32F4xx_HAL_Driver/Src/stm32f4xx_hal_pcd.c.obj
                              0xd43ca (size before relaxing)
 .debug_str     0x000dab52      0x4be CMakeFiles/Blink_Led.dir/Drivers/STM32F4xx_HAL_Driver/Src/stm32f4xx_ll_usb.c.obj
                              0xd42a5 (size before relaxing)
 .debug_str     0x000db010       0x5d CMakeFiles/Blink_Led.dir/Core/Src/system_stm32f4xx.c.obj
                              0xd38ff (size before relaxing)
 .debug_str     0x000db06d       0x48 CMakeFiles/Blink_Led.dir/startup_stm32f439xx.s.obj
                                 0x6a (size before relaxing)

.debug_line_str
                0x00000000       0x4e
 .debug_line_str
                0x00000000       0x4e CMakeFiles/Blink_Led.dir/startup_stm32f439xx.s.obj
